<<<<<<< HEAD   (086005 Importing rustc-1.38.0)
error[E0658]: marker traits is an experimental feature
=======
error[E0658]: the `#[marker]` attribute is an experimental feature
>>>>>>> BRANCH (8cd2c9 Importing rustc-1.39.0)
  --> $DIR/feature-gate-marker_trait_attr.rs:3:1
   |
LL | #[marker] trait ExplicitMarker {}
   | ^^^^^^^^^
   |
   = note: for more information, see https://github.com/rust-lang/rust/issues/29864
   = help: add `#![feature(marker_trait_attr)]` to the crate attributes to enable

error: aborting due to previous error

For more information about this error, try `rustc --explain E0658`.
