error[E0038]: the trait `Trait` cannot be made into an object
  --> $DIR/E0038.rs:5:1
   |
<<<<<<< HEAD   (086005 Importing rustc-1.38.0)
LL | fn call_foo(x: Box<dyn Trait>) {
   | ^^^^^^^^^^^^^^^^^^^^^^^^^^^^^^ the trait `Trait` cannot be made into an object
   |
   = note: method `foo` references the `Self` type in its arguments or return type
=======
LL |     fn foo(&self) -> Self;
   |        --- method `foo` references the `Self` type in its parameters or return type
...
LL | fn call_foo(x: Box<dyn Trait>) {
   | ^^^^^^^^^^^^^^^^^^^^^^^^^^^^^^ the trait `Trait` cannot be made into an object
>>>>>>> BRANCH (8cd2c9 Importing rustc-1.39.0)

error: aborting due to previous error

For more information about this error, try `rustc --explain E0038`.
