<<<<<<< HEAD   (086005 Importing rustc-1.38.0)
error: cannot find derive macro `FooWithLongNan` in this scope
  --> $DIR/resolve-error.rs:22:10
=======
error: cannot find macro `bang_proc_macrp` in this scope
  --> $DIR/resolve-error.rs:56:5
>>>>>>> BRANCH (8cd2c9 Importing rustc-1.39.0)
   |
<<<<<<< HEAD   (086005 Importing rustc-1.38.0)
LL | #[derive(FooWithLongNan)]
   |          ^^^^^^^^^^^^^^ help: a derive macro with a similar name exists: `FooWithLongName`

error: cannot find attribute macro `attr_proc_macra` in this scope
  --> $DIR/resolve-error.rs:27:3
   |
LL | #[attr_proc_macra]
   |   ^^^^^^^^^^^^^^^ help: an attribute macro with a similar name exists: `attr_proc_macro`

error: cannot find attribute macro `FooWithLongNan` in this scope
  --> $DIR/resolve-error.rs:31:3
   |
LL | #[FooWithLongNan]
   |   ^^^^^^^^^^^^^^
=======
LL |     bang_proc_macrp!();
   |     ^^^^^^^^^^^^^^^ help: a macro with a similar name exists: `bang_proc_macro`
>>>>>>> BRANCH (8cd2c9 Importing rustc-1.39.0)

<<<<<<< HEAD   (086005 Importing rustc-1.38.0)
error: cannot find derive macro `Dlone` in this scope
  --> $DIR/resolve-error.rs:34:10
   |
LL | #[derive(Dlone)]
   |          ^^^^^ help: a derive macro with a similar name exists: `Clone`

error: cannot find derive macro `Dlona` in this scope
  --> $DIR/resolve-error.rs:38:10
   |
LL | #[derive(Dlona)]
   |          ^^^^^ help: a derive macro with a similar name exists: `Clona`

error: cannot find derive macro `attr_proc_macra` in this scope
  --> $DIR/resolve-error.rs:42:10
   |
LL | #[derive(attr_proc_macra)]
   |          ^^^^^^^^^^^^^^^

error: cannot find macro `FooWithLongNama!` in this scope
  --> $DIR/resolve-error.rs:47:5
   |
LL |     FooWithLongNama!();
   |     ^^^^^^^^^^^^^^^ help: a macro with a similar name exists: `FooWithLongNam`

error: cannot find macro `attr_proc_macra!` in this scope
  --> $DIR/resolve-error.rs:50:5
   |
LL |     attr_proc_macra!();
   |     ^^^^^^^^^^^^^^^ help: a macro with a similar name exists: `attr_proc_mac`

error: cannot find macro `Dlona!` in this scope
=======
error: cannot find macro `Dlona` in this scope
>>>>>>> BRANCH (8cd2c9 Importing rustc-1.39.0)
  --> $DIR/resolve-error.rs:53:5
   |
LL |     Dlona!();
   |     ^^^^^

<<<<<<< HEAD   (086005 Importing rustc-1.38.0)
error: cannot find macro `bang_proc_macrp!` in this scope
  --> $DIR/resolve-error.rs:56:5
=======
error: cannot find macro `attr_proc_macra` in this scope
  --> $DIR/resolve-error.rs:50:5
>>>>>>> BRANCH (8cd2c9 Importing rustc-1.39.0)
   |
<<<<<<< HEAD   (086005 Importing rustc-1.38.0)
LL |     bang_proc_macrp!();
   |     ^^^^^^^^^^^^^^^ help: a macro with a similar name exists: `bang_proc_macro`
=======
LL |     attr_proc_macra!();
   |     ^^^^^^^^^^^^^^^ help: a macro with a similar name exists: `attr_proc_mac`
>>>>>>> BRANCH (8cd2c9 Importing rustc-1.39.0)

<<<<<<< HEAD   (086005 Importing rustc-1.38.0)
=======
error: cannot find macro `FooWithLongNama` in this scope
  --> $DIR/resolve-error.rs:47:5
   |
LL |     FooWithLongNama!();
   |     ^^^^^^^^^^^^^^^ help: a macro with a similar name exists: `FooWithLongNam`

error: cannot find derive macro `attr_proc_macra` in this scope
  --> $DIR/resolve-error.rs:42:10
   |
LL | #[derive(attr_proc_macra)]
   |          ^^^^^^^^^^^^^^^

error: cannot find derive macro `Dlona` in this scope
  --> $DIR/resolve-error.rs:38:10
   |
LL | #[derive(Dlona)]
   |          ^^^^^ help: a derive macro with a similar name exists: `Clona`

error: cannot find derive macro `Dlone` in this scope
  --> $DIR/resolve-error.rs:34:10
   |
LL | #[derive(Dlone)]
   |          ^^^^^ help: a derive macro with a similar name exists: `Clone`

error: cannot find attribute `FooWithLongNan` in this scope
  --> $DIR/resolve-error.rs:31:3
   |
LL | #[FooWithLongNan]
   |   ^^^^^^^^^^^^^^

error: cannot find attribute `attr_proc_macra` in this scope
  --> $DIR/resolve-error.rs:27:3
   |
LL | #[attr_proc_macra]
   |   ^^^^^^^^^^^^^^^ help: an attribute macro with a similar name exists: `attr_proc_macro`

error: cannot find derive macro `FooWithLongNan` in this scope
  --> $DIR/resolve-error.rs:22:10
   |
LL | #[derive(FooWithLongNan)]
   |          ^^^^^^^^^^^^^^ help: a derive macro with a similar name exists: `FooWithLongName`

>>>>>>> BRANCH (8cd2c9 Importing rustc-1.39.0)
error: aborting due to 10 previous errors

