error: explicit lifetimes given in parameter types where they could be elided (or replaced with `'_` if needed by type declaration)
<<<<<<< HEAD   (086005 Importing rustc-1.38.0)
  --> $DIR/issue_4266.rs:5:1
   |
LL | async fn sink1<'a>(_: &'a str) {} // lint
   | ^^^^^^^^^^^^^^^^^^^^^^^^^^^^^^^^^
   |
   = note: `-D clippy::needless-lifetimes` implied by `-D warnings`

error: explicit lifetimes given in parameter types where they could be elided (or replaced with `'_` if needed by type declaration)
  --> $DIR/issue_4266.rs:9:1
=======
  --> $DIR/issue_4266.rs:4:1
   |
LL | async fn sink1<'a>(_: &'a str) {} // lint
   | ^^^^^^^^^^^^^^^^^^^^^^^^^^^^^^^^^
   |
   = note: `-D clippy::needless-lifetimes` implied by `-D warnings`

error: explicit lifetimes given in parameter types where they could be elided (or replaced with `'_` if needed by type declaration)
  --> $DIR/issue_4266.rs:8:1
>>>>>>> BRANCH (8cd2c9 Importing rustc-1.39.0)
   |
LL | / async fn one_to_one<'a>(s: &'a str) -> &'a str {
LL | |     s
LL | | }
   | |_^

error: aborting due to 2 previous errors

